Archive member included because of file (symbol)

/Users/deep/Desktop/ARM STM32F103/compiler/bin/../lib/gcc/arm-none-eabi/4.8.3/../../../../arm-none-eabi/lib/armv7-m/libc_s.a(lib_a-exit.o)
                              /Users/deep/Desktop/ARM STM32F103/compiler/bin/../lib/gcc/arm-none-eabi/4.8.3/../../../../arm-none-eabi/lib/armv7-m/crt0.o (exit)
/Users/deep/Desktop/ARM STM32F103/compiler/bin/../lib/gcc/arm-none-eabi/4.8.3/../../../../arm-none-eabi/lib/armv7-m/libc_s.a(lib_a-impure.o)
                              /Users/deep/Desktop/ARM STM32F103/compiler/bin/../lib/gcc/arm-none-eabi/4.8.3/../../../../arm-none-eabi/lib/armv7-m/libc_s.a(lib_a-exit.o) (_global_impure_ptr)
/Users/deep/Desktop/ARM STM32F103/compiler/bin/../lib/gcc/arm-none-eabi/4.8.3/../../../../arm-none-eabi/lib/armv7-m/libc_s.a(lib_a-init.o)
                              /Users/deep/Desktop/ARM STM32F103/compiler/bin/../lib/gcc/arm-none-eabi/4.8.3/../../../../arm-none-eabi/lib/armv7-m/crt0.o (__libc_init_array)
/Users/deep/Desktop/ARM STM32F103/compiler/bin/../lib/gcc/arm-none-eabi/4.8.3/../../../../arm-none-eabi/lib/armv7-m/libc_s.a(lib_a-memset.o)
                              /Users/deep/Desktop/ARM STM32F103/compiler/bin/../lib/gcc/arm-none-eabi/4.8.3/../../../../arm-none-eabi/lib/armv7-m/crt0.o (memset)
/Users/deep/Desktop/ARM STM32F103/compiler/bin/../lib/gcc/arm-none-eabi/4.8.3/../../../../arm-none-eabi/lib/armv7-m/libnosys.a(_exit.o)
                              /Users/deep/Desktop/ARM STM32F103/compiler/bin/../lib/gcc/arm-none-eabi/4.8.3/../../../../arm-none-eabi/lib/armv7-m/libc_s.a(lib_a-exit.o) (_exit)

Discarded input sections

 .text          0x0000000000000000        0x0 /Users/deep/Desktop/ARM STM32F103/compiler/bin/../lib/gcc/arm-none-eabi/4.8.3/armv7-m/crti.o
 .data          0x0000000000000000        0x0 /Users/deep/Desktop/ARM STM32F103/compiler/bin/../lib/gcc/arm-none-eabi/4.8.3/armv7-m/crti.o
 .bss           0x0000000000000000        0x0 /Users/deep/Desktop/ARM STM32F103/compiler/bin/../lib/gcc/arm-none-eabi/4.8.3/armv7-m/crti.o
 .data          0x0000000000000000        0x4 /Users/deep/Desktop/ARM STM32F103/compiler/bin/../lib/gcc/arm-none-eabi/4.8.3/armv7-m/crtbegin.o
 .text          0x0000000000000000       0x74 /Users/deep/Desktop/ARM STM32F103/compiler/bin/../lib/gcc/arm-none-eabi/4.8.3/../../../../arm-none-eabi/lib/armv7-m/crt0.o
 .data          0x0000000000000000        0x0 /Users/deep/Desktop/ARM STM32F103/compiler/bin/../lib/gcc/arm-none-eabi/4.8.3/../../../../arm-none-eabi/lib/armv7-m/crt0.o
 .bss           0x0000000000000000        0x0 /Users/deep/Desktop/ARM STM32F103/compiler/bin/../lib/gcc/arm-none-eabi/4.8.3/../../../../arm-none-eabi/lib/armv7-m/crt0.o
 .ARM.extab     0x0000000000000000        0x0 /Users/deep/Desktop/ARM STM32F103/compiler/bin/../lib/gcc/arm-none-eabi/4.8.3/../../../../arm-none-eabi/lib/armv7-m/crt0.o
 .ARM.exidx     0x0000000000000000        0x8 /Users/deep/Desktop/ARM STM32F103/compiler/bin/../lib/gcc/arm-none-eabi/4.8.3/../../../../arm-none-eabi/lib/armv7-m/crt0.o
 .ARM.attributes
                0x0000000000000000       0x1b /Users/deep/Desktop/ARM STM32F103/compiler/bin/../lib/gcc/arm-none-eabi/4.8.3/../../../../arm-none-eabi/lib/armv7-m/crt0.o
 .text          0x0000000000000000        0x0 build/system_stm32f1xx.o
 .data          0x0000000000000000        0x0 build/system_stm32f1xx.o
 .bss           0x0000000000000000        0x0 build/system_stm32f1xx.o
 .text.SystemCoreClockUpdate
                0x0000000000000000       0x88 build/system_stm32f1xx.o
 .rodata.AHBPrescTable
                0x0000000000000000       0x10 build/system_stm32f1xx.o
 .rodata.APBPrescTable
                0x0000000000000000        0x8 build/system_stm32f1xx.o
 .data.SystemCoreClock
                0x0000000000000000        0x4 build/system_stm32f1xx.o
 .text          0x0000000000000000        0x0 build/main.o
 .data          0x0000000000000000        0x0 build/main.o
 .bss           0x0000000000000000        0x0 build/main.o
 .text          0x0000000000000000       0x14 build/startup_stm32f103xb.o
 .data          0x0000000000000000        0x0 build/startup_stm32f103xb.o
 .bss           0x0000000000000000        0x0 build/startup_stm32f103xb.o
 .text          0x0000000000000000        0x0 /Users/deep/Desktop/ARM STM32F103/compiler/bin/../lib/gcc/arm-none-eabi/4.8.3/../../../../arm-none-eabi/lib/armv7-m/libc_s.a(lib_a-exit.o)
 .data          0x0000000000000000        0x0 /Users/deep/Desktop/ARM STM32F103/compiler/bin/../lib/gcc/arm-none-eabi/4.8.3/../../../../arm-none-eabi/lib/armv7-m/libc_s.a(lib_a-exit.o)
 .bss           0x0000000000000000        0x0 /Users/deep/Desktop/ARM STM32F103/compiler/bin/../lib/gcc/arm-none-eabi/4.8.3/../../../../arm-none-eabi/lib/armv7-m/libc_s.a(lib_a-exit.o)
 .text.exit     0x0000000000000000       0x28 /Users/deep/Desktop/ARM STM32F103/compiler/bin/../lib/gcc/arm-none-eabi/4.8.3/../../../../arm-none-eabi/lib/armv7-m/libc_s.a(lib_a-exit.o)
 .ARM.attributes
                0x0000000000000000       0x2d /Users/deep/Desktop/ARM STM32F103/compiler/bin/../lib/gcc/arm-none-eabi/4.8.3/../../../../arm-none-eabi/lib/armv7-m/libc_s.a(lib_a-exit.o)
 .debug_frame   0x0000000000000000       0x28 /Users/deep/Desktop/ARM STM32F103/compiler/bin/../lib/gcc/arm-none-eabi/4.8.3/../../../../arm-none-eabi/lib/armv7-m/libc_s.a(lib_a-exit.o)
 .text          0x0000000000000000        0x0 /Users/deep/Desktop/ARM STM32F103/compiler/bin/../lib/gcc/arm-none-eabi/4.8.3/../../../../arm-none-eabi/lib/armv7-m/libc_s.a(lib_a-impure.o)
 .data          0x0000000000000000        0x0 /Users/deep/Desktop/ARM STM32F103/compiler/bin/../lib/gcc/arm-none-eabi/4.8.3/../../../../arm-none-eabi/lib/armv7-m/libc_s.a(lib_a-impure.o)
 .bss           0x0000000000000000        0x0 /Users/deep/Desktop/ARM STM32F103/compiler/bin/../lib/gcc/arm-none-eabi/4.8.3/../../../../arm-none-eabi/lib/armv7-m/libc_s.a(lib_a-impure.o)
 .data.impure_data
                0x0000000000000000       0x60 /Users/deep/Desktop/ARM STM32F103/compiler/bin/../lib/gcc/arm-none-eabi/4.8.3/../../../../arm-none-eabi/lib/armv7-m/libc_s.a(lib_a-impure.o)
 .data._impure_ptr
                0x0000000000000000        0x4 /Users/deep/Desktop/ARM STM32F103/compiler/bin/../lib/gcc/arm-none-eabi/4.8.3/../../../../arm-none-eabi/lib/armv7-m/libc_s.a(lib_a-impure.o)
 .rodata.str1.1
                0x0000000000000000        0x2 /Users/deep/Desktop/ARM STM32F103/compiler/bin/../lib/gcc/arm-none-eabi/4.8.3/../../../../arm-none-eabi/lib/armv7-m/libc_s.a(lib_a-impure.o)
 .rodata._global_impure_ptr
                0x0000000000000000        0x4 /Users/deep/Desktop/ARM STM32F103/compiler/bin/../lib/gcc/arm-none-eabi/4.8.3/../../../../arm-none-eabi/lib/armv7-m/libc_s.a(lib_a-impure.o)
 .ARM.attributes
                0x0000000000000000       0x2d /Users/deep/Desktop/ARM STM32F103/compiler/bin/../lib/gcc/arm-none-eabi/4.8.3/../../../../arm-none-eabi/lib/armv7-m/libc_s.a(lib_a-impure.o)
 .text          0x0000000000000000        0x0 /Users/deep/Desktop/ARM STM32F103/compiler/bin/../lib/gcc/arm-none-eabi/4.8.3/../../../../arm-none-eabi/lib/armv7-m/libc_s.a(lib_a-init.o)
 .data          0x0000000000000000        0x0 /Users/deep/Desktop/ARM STM32F103/compiler/bin/../lib/gcc/arm-none-eabi/4.8.3/../../../../arm-none-eabi/lib/armv7-m/libc_s.a(lib_a-init.o)
 .bss           0x0000000000000000        0x0 /Users/deep/Desktop/ARM STM32F103/compiler/bin/../lib/gcc/arm-none-eabi/4.8.3/../../../../arm-none-eabi/lib/armv7-m/libc_s.a(lib_a-init.o)
 .text          0x0000000000000000        0x0 /Users/deep/Desktop/ARM STM32F103/compiler/bin/../lib/gcc/arm-none-eabi/4.8.3/../../../../arm-none-eabi/lib/armv7-m/libc_s.a(lib_a-memset.o)
 .data          0x0000000000000000        0x0 /Users/deep/Desktop/ARM STM32F103/compiler/bin/../lib/gcc/arm-none-eabi/4.8.3/../../../../arm-none-eabi/lib/armv7-m/libc_s.a(lib_a-memset.o)
 .bss           0x0000000000000000        0x0 /Users/deep/Desktop/ARM STM32F103/compiler/bin/../lib/gcc/arm-none-eabi/4.8.3/../../../../arm-none-eabi/lib/armv7-m/libc_s.a(lib_a-memset.o)
 .text.memset   0x0000000000000000       0x10 /Users/deep/Desktop/ARM STM32F103/compiler/bin/../lib/gcc/arm-none-eabi/4.8.3/../../../../arm-none-eabi/lib/armv7-m/libc_s.a(lib_a-memset.o)
 .ARM.attributes
                0x0000000000000000       0x2d /Users/deep/Desktop/ARM STM32F103/compiler/bin/../lib/gcc/arm-none-eabi/4.8.3/../../../../arm-none-eabi/lib/armv7-m/libc_s.a(lib_a-memset.o)
 .debug_frame   0x0000000000000000       0x20 /Users/deep/Desktop/ARM STM32F103/compiler/bin/../lib/gcc/arm-none-eabi/4.8.3/../../../../arm-none-eabi/lib/armv7-m/libc_s.a(lib_a-memset.o)
 .text          0x0000000000000000        0x0 /Users/deep/Desktop/ARM STM32F103/compiler/bin/../lib/gcc/arm-none-eabi/4.8.3/../../../../arm-none-eabi/lib/armv7-m/libnosys.a(_exit.o)
 .data          0x0000000000000000        0x0 /Users/deep/Desktop/ARM STM32F103/compiler/bin/../lib/gcc/arm-none-eabi/4.8.3/../../../../arm-none-eabi/lib/armv7-m/libnosys.a(_exit.o)
 .bss           0x0000000000000000        0x0 /Users/deep/Desktop/ARM STM32F103/compiler/bin/../lib/gcc/arm-none-eabi/4.8.3/../../../../arm-none-eabi/lib/armv7-m/libnosys.a(_exit.o)
 .text._exit    0x0000000000000000        0x4 /Users/deep/Desktop/ARM STM32F103/compiler/bin/../lib/gcc/arm-none-eabi/4.8.3/../../../../arm-none-eabi/lib/armv7-m/libnosys.a(_exit.o)
 .ARM.attributes
                0x0000000000000000       0x2d /Users/deep/Desktop/ARM STM32F103/compiler/bin/../lib/gcc/arm-none-eabi/4.8.3/../../../../arm-none-eabi/lib/armv7-m/libnosys.a(_exit.o)
 .debug_frame   0x0000000000000000       0x20 /Users/deep/Desktop/ARM STM32F103/compiler/bin/../lib/gcc/arm-none-eabi/4.8.3/../../../../arm-none-eabi/lib/armv7-m/libnosys.a(_exit.o)
 .text          0x0000000000000000        0x0 /Users/deep/Desktop/ARM STM32F103/compiler/bin/../lib/gcc/arm-none-eabi/4.8.3/armv7-m/crtend.o
 .data          0x0000000000000000        0x0 /Users/deep/Desktop/ARM STM32F103/compiler/bin/../lib/gcc/arm-none-eabi/4.8.3/armv7-m/crtend.o
 .bss           0x0000000000000000        0x0 /Users/deep/Desktop/ARM STM32F103/compiler/bin/../lib/gcc/arm-none-eabi/4.8.3/armv7-m/crtend.o
 .eh_frame      0x0000000000000000        0x4 /Users/deep/Desktop/ARM STM32F103/compiler/bin/../lib/gcc/arm-none-eabi/4.8.3/armv7-m/crtend.o
 .jcr           0x0000000000000000        0x4 /Users/deep/Desktop/ARM STM32F103/compiler/bin/../lib/gcc/arm-none-eabi/4.8.3/armv7-m/crtend.o
 .ARM.attributes
                0x0000000000000000       0x2d /Users/deep/Desktop/ARM STM32F103/compiler/bin/../lib/gcc/arm-none-eabi/4.8.3/armv7-m/crtend.o
 .text          0x0000000000000000        0x0 /Users/deep/Desktop/ARM STM32F103/compiler/bin/../lib/gcc/arm-none-eabi/4.8.3/armv7-m/crtn.o
 .data          0x0000000000000000        0x0 /Users/deep/Desktop/ARM STM32F103/compiler/bin/../lib/gcc/arm-none-eabi/4.8.3/armv7-m/crtn.o
 .bss           0x0000000000000000        0x0 /Users/deep/Desktop/ARM STM32F103/compiler/bin/../lib/gcc/arm-none-eabi/4.8.3/armv7-m/crtn.o

Memory Configuration

Name             Origin             Length             Attributes
RAM              0x0000000020000000 0x0000000000005000 xrw
FLASH            0x0000000008000000 0x0000000000010000 xr
*default*        0x0000000000000000 0xffffffffffffffff

Linker script and memory map

LOAD /Users/deep/Desktop/ARM STM32F103/compiler/bin/../lib/gcc/arm-none-eabi/4.8.3/armv7-m/crti.o
LOAD /Users/deep/Desktop/ARM STM32F103/compiler/bin/../lib/gcc/arm-none-eabi/4.8.3/armv7-m/crtbegin.o
LOAD /Users/deep/Desktop/ARM STM32F103/compiler/bin/../lib/gcc/arm-none-eabi/4.8.3/../../../../arm-none-eabi/lib/armv7-m/crt0.o
LOAD build/system_stm32f1xx.o
LOAD build/main.o
LOAD build/startup_stm32f103xb.o
LOAD /Users/deep/Desktop/ARM STM32F103/compiler/bin/../lib/gcc/arm-none-eabi/4.8.3/../../../../arm-none-eabi/lib/armv7-m/libc_s.a
LOAD /Users/deep/Desktop/ARM STM32F103/compiler/bin/../lib/gcc/arm-none-eabi/4.8.3/../../../../arm-none-eabi/lib/armv7-m/libm.a
LOAD /Users/deep/Desktop/ARM STM32F103/compiler/bin/../lib/gcc/arm-none-eabi/4.8.3/../../../../arm-none-eabi/lib/armv7-m/libnosys.a
START GROUP
LOAD /Users/deep/Desktop/ARM STM32F103/compiler/bin/../lib/gcc/arm-none-eabi/4.8.3/armv7-m/libgcc.a
LOAD /Users/deep/Desktop/ARM STM32F103/compiler/bin/../lib/gcc/arm-none-eabi/4.8.3/../../../../arm-none-eabi/lib/armv7-m/libc_s.a
END GROUP
START GROUP
LOAD /Users/deep/Desktop/ARM STM32F103/compiler/bin/../lib/gcc/arm-none-eabi/4.8.3/armv7-m/libgcc.a
LOAD /Users/deep/Desktop/ARM STM32F103/compiler/bin/../lib/gcc/arm-none-eabi/4.8.3/../../../../arm-none-eabi/lib/armv7-m/libc_s.a
END GROUP
LOAD /Users/deep/Desktop/ARM STM32F103/compiler/bin/../lib/gcc/arm-none-eabi/4.8.3/armv7-m/crtend.o
LOAD /Users/deep/Desktop/ARM STM32F103/compiler/bin/../lib/gcc/arm-none-eabi/4.8.3/armv7-m/crtn.o
                0x0000000020005000                _estack = 0x20005000
                0x0000000000000200                _Min_Heap_Size = 0x200
                0x0000000000000400                _Min_Stack_Size = 0x400

.isr_vector     0x0000000008000000      0x10c
                0x0000000008000000                . = ALIGN (0x4)
 *(.isr_vector)
 .isr_vector    0x0000000008000000      0x10c build/startup_stm32f103xb.o
                0x0000000008000000                g_pfnVectors
                0x000000000800010c                . = ALIGN (0x4)

.text           0x000000000800010c      0x338
                0x000000000800010c                . = ALIGN (0x4)
 *(.text)
 .text          0x000000000800010c       0x54 /Users/deep/Desktop/ARM STM32F103/compiler/bin/../lib/gcc/arm-none-eabi/4.8.3/armv7-m/crtbegin.o
 *(.text*)
 .text.SystemInit
                0x0000000008000160       0x4c build/system_stm32f1xx.o
                0x0000000008000160                SystemInit
 .text.clockConfig
                0x00000000080001ac      0x160 build/main.o
                0x00000000080001ac                clockConfig
 .text.NMI_Handler
                0x000000000800030c       0x10 build/main.o
                0x000000000800030c                NMI_Handler
 .text.someDelay
                0x000000000800031c       0x20 build/main.o
                0x000000000800031c                someDelay
 .text.main     0x000000000800033c       0x50 build/main.o
                0x000000000800033c                main
 .text.Reset_Handler
                0x000000000800038c       0x50 build/startup_stm32f103xb.o
                0x000000000800038c                Reset_Handler
 .text.Default_Handler
                0x00000000080003dc        0x4 build/startup_stm32f103xb.o
                0x00000000080003dc                USBWakeUp_IRQHandler
                0x00000000080003dc                EXTI2_IRQHandler
                0x00000000080003dc                DebugMon_Handler
                0x00000000080003dc                TIM1_CC_IRQHandler
                0x00000000080003dc                HardFault_Handler
                0x00000000080003dc                SysTick_Handler
                0x00000000080003dc                PVD_IRQHandler
                0x00000000080003dc                PendSV_Handler
                0x00000000080003dc                EXTI3_IRQHandler
                0x00000000080003dc                EXTI0_IRQHandler
                0x00000000080003dc                I2C2_EV_IRQHandler
                0x00000000080003dc                UsageFault_Handler
                0x00000000080003dc                ADC1_2_IRQHandler
                0x00000000080003dc                SPI1_IRQHandler
                0x00000000080003dc                TAMPER_IRQHandler
                0x00000000080003dc                DMA1_Channel4_IRQHandler
                0x00000000080003dc                USART3_IRQHandler
                0x00000000080003dc                RTC_IRQHandler
                0x00000000080003dc                DMA1_Channel7_IRQHandler
                0x00000000080003dc                CAN1_RX1_IRQHandler
                0x00000000080003dc                TIM4_IRQHandler
                0x00000000080003dc                I2C1_EV_IRQHandler
                0x00000000080003dc                DMA1_Channel6_IRQHandler
                0x00000000080003dc                TIM3_IRQHandler
                0x00000000080003dc                RCC_IRQHandler
                0x00000000080003dc                TIM1_TRG_COM_IRQHandler
                0x00000000080003dc                DMA1_Channel1_IRQHandler
                0x00000000080003dc                Default_Handler
                0x00000000080003dc                EXTI15_10_IRQHandler
                0x00000000080003dc                EXTI9_5_IRQHandler
                0x00000000080003dc                SPI2_IRQHandler
                0x00000000080003dc                MemManage_Handler
                0x00000000080003dc                SVC_Handler
                0x00000000080003dc                DMA1_Channel5_IRQHandler
                0x00000000080003dc                EXTI4_IRQHandler
                0x00000000080003dc                USB_LP_CAN1_RX0_IRQHandler
                0x00000000080003dc                USB_HP_CAN1_TX_IRQHandler
                0x00000000080003dc                DMA1_Channel3_IRQHandler
                0x00000000080003dc                TIM1_UP_IRQHandler
                0x00000000080003dc                WWDG_IRQHandler
                0x00000000080003dc                TIM2_IRQHandler
                0x00000000080003dc                TIM1_BRK_IRQHandler
                0x00000000080003dc                EXTI1_IRQHandler
                0x00000000080003dc                USART2_IRQHandler
                0x00000000080003dc                I2C2_ER_IRQHandler
                0x00000000080003dc                DMA1_Channel2_IRQHandler
                0x00000000080003dc                CAN1_SCE_IRQHandler
                0x00000000080003dc                FLASH_IRQHandler
                0x00000000080003dc                BusFault_Handler
                0x00000000080003dc                USART1_IRQHandler
                0x00000000080003dc                I2C1_ER_IRQHandler
                0x00000000080003dc                RTC_Alarm_IRQHandler
 .text.__libc_init_array
                0x00000000080003e0       0x4c /Users/deep/Desktop/ARM STM32F103/compiler/bin/../lib/gcc/arm-none-eabi/4.8.3/../../../../arm-none-eabi/lib/armv7-m/libc_s.a(lib_a-init.o)
                0x00000000080003e0                __libc_init_array
 *(.glue_7)
 .glue_7        0x0000000000000000        0x0 linker stubs
 *(.glue_7t)
 .glue_7t       0x0000000000000000        0x0 linker stubs
 *(.eh_frame)
 .eh_frame      0x000000000800042c        0x0 /Users/deep/Desktop/ARM STM32F103/compiler/bin/../lib/gcc/arm-none-eabi/4.8.3/armv7-m/crtbegin.o
 *(.init)
 .init          0x000000000800042c        0x4 /Users/deep/Desktop/ARM STM32F103/compiler/bin/../lib/gcc/arm-none-eabi/4.8.3/armv7-m/crti.o
                0x000000000800042c                _init
 .init          0x0000000008000430        0x8 /Users/deep/Desktop/ARM STM32F103/compiler/bin/../lib/gcc/arm-none-eabi/4.8.3/armv7-m/crtn.o
 *(.fini)
 .fini          0x0000000008000438        0x4 /Users/deep/Desktop/ARM STM32F103/compiler/bin/../lib/gcc/arm-none-eabi/4.8.3/armv7-m/crti.o
                0x0000000008000438                _fini
 .fini          0x000000000800043c        0x8 /Users/deep/Desktop/ARM STM32F103/compiler/bin/../lib/gcc/arm-none-eabi/4.8.3/armv7-m/crtn.o
                0x0000000008000444                . = ALIGN (0x4)
                0x0000000008000444                _etext = .

.vfp11_veneer   0x0000000008000444        0x0
 .vfp11_veneer  0x0000000000000000        0x0 linker stubs

.v4_bx          0x0000000008000444        0x0
 .v4_bx         0x0000000000000000        0x0 linker stubs

.iplt           0x0000000008000444        0x0
 .iplt          0x0000000000000000        0x0 /Users/deep/Desktop/ARM STM32F103/compiler/bin/../lib/gcc/arm-none-eabi/4.8.3/armv7-m/crtbegin.o

.rel.dyn        0x0000000008000444        0x0
 .rel.iplt      0x0000000000000000        0x0 /Users/deep/Desktop/ARM STM32F103/compiler/bin/../lib/gcc/arm-none-eabi/4.8.3/armv7-m/crtbegin.o

.rodata         0x0000000008000444        0x0
                0x0000000008000444                . = ALIGN (0x4)
 *(.rodata)
 *(.rodata*)
                0x0000000008000444                . = ALIGN (0x4)

.ARM.extab
 *(.ARM.extab* .gnu.linkonce.armextab.*)

.ARM            0x0000000008000444        0x0
                0x0000000008000444                __exidx_start = .
 *(.ARM.exidx*)
                0x0000000008000444                __exidx_end = .

.preinit_array  0x0000000008000444        0x0
                0x0000000008000444                PROVIDE (__preinit_array_start, .)
 *(.preinit_array*)
                0x0000000008000444                PROVIDE (__preinit_array_end, .)

.init_array     0x0000000008000444        0x4
                0x0000000008000444                PROVIDE (__init_array_start, .)
 *(SORT(.init_array.*))
 *(.init_array*)
 .init_array    0x0000000008000444        0x4 /Users/deep/Desktop/ARM STM32F103/compiler/bin/../lib/gcc/arm-none-eabi/4.8.3/armv7-m/crtbegin.o
                0x0000000008000448                PROVIDE (__init_array_end, .)

.fini_array     0x0000000008000448        0x4
                0x0000000008000448                PROVIDE (__fini_array_start, .)
 *(SORT(.fini_array.*))
 *(.fini_array*)
 .fini_array    0x0000000008000448        0x4 /Users/deep/Desktop/ARM STM32F103/compiler/bin/../lib/gcc/arm-none-eabi/4.8.3/armv7-m/crtbegin.o
                0x000000000800044c                PROVIDE (__fini_array_end, .)
                0x000000000800044c                _sidata = LOADADDR (.data)

.data           0x0000000020000000        0x0 load address 0x000000000800044c
                0x0000000020000000                . = ALIGN (0x4)
                0x0000000020000000                _sdata = .
 *(.data)
 *(.data*)
                0x0000000020000000                . = ALIGN (0x4)
                0x0000000020000000                _edata = .

.jcr            0x0000000020000000        0x0 load address 0x000000000800044c
 .jcr           0x0000000020000000        0x0 /Users/deep/Desktop/ARM STM32F103/compiler/bin/../lib/gcc/arm-none-eabi/4.8.3/armv7-m/crtbegin.o

.igot.plt       0x0000000020000000        0x0 load address 0x000000000800044c
 .igot.plt      0x0000000000000000        0x0 /Users/deep/Desktop/ARM STM32F103/compiler/bin/../lib/gcc/arm-none-eabi/4.8.3/armv7-m/crtbegin.o
                0x0000000020000000                . = ALIGN (0x4)

.bss            0x0000000020000000       0x1c load address 0x000000000800044c
                0x0000000020000000                _sbss = .
                0x0000000020000000                __bss_start__ = _sbss
 *(.bss)
 .bss           0x0000000020000000       0x1c /Users/deep/Desktop/ARM STM32F103/compiler/bin/../lib/gcc/arm-none-eabi/4.8.3/armv7-m/crtbegin.o
 *(.bss*)
 *(COMMON)
                0x000000002000001c                . = ALIGN (0x4)
                0x000000002000001c                _ebss = .
                0x000000002000001c                __bss_end__ = _ebss

._user_heap_stack
                0x000000002000001c      0x604 load address 0x000000000800044c
                0x0000000020000020                . = ALIGN (0x8)
 *fill*         0x000000002000001c        0x4 
                0x0000000020000020                PROVIDE (end, .)
                0x0000000020000020                PROVIDE (_end, .)
                0x0000000020000220                . = (. + _Min_Heap_Size)
 *fill*         0x0000000020000020      0x200 
                0x0000000020000620                . = (. + _Min_Stack_Size)
 *fill*         0x0000000020000220      0x400 
                0x0000000020000620                . = ALIGN (0x8)

/DISCARD/
 libc.a(*)
 libm.a(*)
 libgcc.a(*)

.ARM.attributes
                0x0000000000000000       0x29
 *(.ARM.attributes)
 .ARM.attributes
                0x0000000000000000       0x1d /Users/deep/Desktop/ARM STM32F103/compiler/bin/../lib/gcc/arm-none-eabi/4.8.3/armv7-m/crti.o
 .ARM.attributes
                0x000000000000001d       0x2d /Users/deep/Desktop/ARM STM32F103/compiler/bin/../lib/gcc/arm-none-eabi/4.8.3/armv7-m/crtbegin.o
 .ARM.attributes
                0x000000000000004a       0x33 build/system_stm32f1xx.o
 .ARM.attributes
                0x000000000000007d       0x33 build/main.o
 .ARM.attributes
                0x00000000000000b0       0x21 build/startup_stm32f103xb.o
 .ARM.attributes
                0x00000000000000d1       0x2d /Users/deep/Desktop/ARM STM32F103/compiler/bin/../lib/gcc/arm-none-eabi/4.8.3/../../../../arm-none-eabi/lib/armv7-m/libc_s.a(lib_a-init.o)
 .ARM.attributes
                0x00000000000000fe       0x1d /Users/deep/Desktop/ARM STM32F103/compiler/bin/../lib/gcc/arm-none-eabi/4.8.3/armv7-m/crtn.o
OUTPUT(build/main.elf elf32-littlearm)

.debug_info     0x0000000000000000      0x75a
 .debug_info    0x0000000000000000      0x412 build/system_stm32f1xx.o
 .debug_info    0x0000000000000412      0x2d6 build/main.o
 .debug_info    0x00000000000006e8       0x72 build/startup_stm32f103xb.o

.debug_abbrev   0x0000000000000000      0x273
 .debug_abbrev  0x0000000000000000      0x122 build/system_stm32f1xx.o
 .debug_abbrev  0x0000000000000122      0x13f build/main.o
 .debug_abbrev  0x0000000000000261       0x12 build/startup_stm32f103xb.o

.debug_loc      0x0000000000000000      0x136
 .debug_loc     0x0000000000000000       0xd9 build/system_stm32f1xx.o
 .debug_loc     0x00000000000000d9       0x5d build/main.o

.debug_aranges  0x0000000000000000       0x88
 .debug_aranges
                0x0000000000000000       0x28 build/system_stm32f1xx.o
 .debug_aranges
                0x0000000000000028       0x38 build/main.o
 .debug_aranges
                0x0000000000000060       0x28 build/startup_stm32f103xb.o

.debug_ranges   0x0000000000000000       0x78
 .debug_ranges  0x0000000000000000       0x18 build/system_stm32f1xx.o
 .debug_ranges  0x0000000000000018       0x40 build/main.o
 .debug_ranges  0x0000000000000058       0x20 build/startup_stm32f103xb.o

.debug_line     0x0000000000000000      0x423
 .debug_line    0x0000000000000000      0x191 build/system_stm32f1xx.o
 .debug_line    0x0000000000000191      0x220 build/main.o
 .debug_line    0x00000000000003b1       0x72 build/startup_stm32f103xb.o

.debug_str      0x0000000000000000      0x2d5
 .debug_str     0x0000000000000000      0x275 build/system_stm32f1xx.o
                                        0x2c7 (size before relaxing)
 .debug_str     0x0000000000000275       0x60 build/main.o
                                        0x24d (size before relaxing)

.comment        0x0000000000000000       0x70
 .comment       0x0000000000000000       0x70 build/system_stm32f1xx.o
                                         0x71 (size before relaxing)
 .comment       0x0000000000000000       0x71 build/main.o

.debug_frame    0x0000000000000000       0xb8
 .debug_frame   0x0000000000000000       0x30 build/system_stm32f1xx.o
 .debug_frame   0x0000000000000030       0x5c build/main.o
 .debug_frame   0x000000000000008c       0x2c /Users/deep/Desktop/ARM STM32F103/compiler/bin/../lib/gcc/arm-none-eabi/4.8.3/../../../../arm-none-eabi/lib/armv7-m/libc_s.a(lib_a-init.o)

Cross Reference Table

Symbol                                            File
ADC1_2_IRQHandler                                 build/startup_stm32f103xb.o
AHBPrescTable                                     build/system_stm32f1xx.o
APBPrescTable                                     build/system_stm32f1xx.o
BusFault_Handler                                  build/startup_stm32f103xb.o
CAN1_RX1_IRQHandler                               build/startup_stm32f103xb.o
CAN1_SCE_IRQHandler                               build/startup_stm32f103xb.o
DMA1_Channel1_IRQHandler                          build/startup_stm32f103xb.o
DMA1_Channel2_IRQHandler                          build/startup_stm32f103xb.o
DMA1_Channel3_IRQHandler                          build/startup_stm32f103xb.o
DMA1_Channel4_IRQHandler                          build/startup_stm32f103xb.o
DMA1_Channel5_IRQHandler                          build/startup_stm32f103xb.o
DMA1_Channel6_IRQHandler                          build/startup_stm32f103xb.o
DMA1_Channel7_IRQHandler                          build/startup_stm32f103xb.o
DebugMon_Handler                                  build/startup_stm32f103xb.o
Default_Handler                                   build/startup_stm32f103xb.o
EXTI0_IRQHandler                                  build/startup_stm32f103xb.o
EXTI15_10_IRQHandler                              build/startup_stm32f103xb.o
EXTI1_IRQHandler                                  build/startup_stm32f103xb.o
EXTI2_IRQHandler                                  build/startup_stm32f103xb.o
EXTI3_IRQHandler                                  build/startup_stm32f103xb.o
EXTI4_IRQHandler                                  build/startup_stm32f103xb.o
EXTI9_5_IRQHandler                                build/startup_stm32f103xb.o
FLASH_IRQHandler                                  build/startup_stm32f103xb.o
HardFault_Handler                                 build/startup_stm32f103xb.o
I2C1_ER_IRQHandler                                build/startup_stm32f103xb.o
I2C1_EV_IRQHandler                                build/startup_stm32f103xb.o
I2C2_ER_IRQHandler                                build/startup_stm32f103xb.o
I2C2_EV_IRQHandler                                build/startup_stm32f103xb.o
MemManage_Handler                                 build/startup_stm32f103xb.o
NMI_Handler                                       build/main.o
PVD_IRQHandler                                    build/startup_stm32f103xb.o
PendSV_Handler                                    build/startup_stm32f103xb.o
RCC_IRQHandler                                    build/startup_stm32f103xb.o
RTC_Alarm_IRQHandler                              build/startup_stm32f103xb.o
RTC_IRQHandler                                    build/startup_stm32f103xb.o
Reset_Handler                                     build/startup_stm32f103xb.o
SPI1_IRQHandler                                   build/startup_stm32f103xb.o
SPI2_IRQHandler                                   build/startup_stm32f103xb.o
SVC_Handler                                       build/startup_stm32f103xb.o
SysTick_Handler                                   build/startup_stm32f103xb.o
SystemCoreClock                                   build/system_stm32f1xx.o
SystemCoreClockUpdate                             build/system_stm32f1xx.o
SystemInit                                        build/system_stm32f1xx.o
                                                  build/startup_stm32f103xb.o
TAMPER_IRQHandler                                 build/startup_stm32f103xb.o
TIM1_BRK_IRQHandler                               build/startup_stm32f103xb.o
TIM1_CC_IRQHandler                                build/startup_stm32f103xb.o
TIM1_TRG_COM_IRQHandler                           build/startup_stm32f103xb.o
TIM1_UP_IRQHandler                                build/startup_stm32f103xb.o
TIM2_IRQHandler                                   build/startup_stm32f103xb.o
TIM3_IRQHandler                                   build/startup_stm32f103xb.o
TIM4_IRQHandler                                   build/startup_stm32f103xb.o
USART1_IRQHandler                                 build/startup_stm32f103xb.o
USART2_IRQHandler                                 build/startup_stm32f103xb.o
USART3_IRQHandler                                 build/startup_stm32f103xb.o
USBWakeUp_IRQHandler                              build/startup_stm32f103xb.o
USB_HP_CAN1_TX_IRQHandler                         build/startup_stm32f103xb.o
USB_LP_CAN1_RX0_IRQHandler                        build/startup_stm32f103xb.o
UsageFault_Handler                                build/startup_stm32f103xb.o
WWDG_IRQHandler                                   build/startup_stm32f103xb.o
_Jv_RegisterClasses                               /Users/deep/Desktop/ARM STM32F103/compiler/bin/../lib/gcc/arm-none-eabi/4.8.3/armv7-m/crtbegin.o
__bss_end__                                       /Users/deep/Desktop/ARM STM32F103/compiler/bin/../lib/gcc/arm-none-eabi/4.8.3/../../../../arm-none-eabi/lib/armv7-m/crt0.o
__bss_start__                                     /Users/deep/Desktop/ARM STM32F103/compiler/bin/../lib/gcc/arm-none-eabi/4.8.3/../../../../arm-none-eabi/lib/armv7-m/crt0.o
__call_exitprocs                                  /Users/deep/Desktop/ARM STM32F103/compiler/bin/../lib/gcc/arm-none-eabi/4.8.3/../../../../arm-none-eabi/lib/armv7-m/libc_s.a(lib_a-exit.o)
__deregister_frame_info                           /Users/deep/Desktop/ARM STM32F103/compiler/bin/../lib/gcc/arm-none-eabi/4.8.3/armv7-m/crtbegin.o
__dso_handle                                      /Users/deep/Desktop/ARM STM32F103/compiler/bin/../lib/gcc/arm-none-eabi/4.8.3/armv7-m/crtbegin.o
__init_array_end                                  /Users/deep/Desktop/ARM STM32F103/compiler/bin/../lib/gcc/arm-none-eabi/4.8.3/../../../../arm-none-eabi/lib/armv7-m/libc_s.a(lib_a-init.o)
__init_array_start                                /Users/deep/Desktop/ARM STM32F103/compiler/bin/../lib/gcc/arm-none-eabi/4.8.3/../../../../arm-none-eabi/lib/armv7-m/libc_s.a(lib_a-init.o)
__libc_fini_array                                 /Users/deep/Desktop/ARM STM32F103/compiler/bin/../lib/gcc/arm-none-eabi/4.8.3/../../../../arm-none-eabi/lib/armv7-m/crt0.o
__libc_init_array                                 /Users/deep/Desktop/ARM STM32F103/compiler/bin/../lib/gcc/arm-none-eabi/4.8.3/../../../../arm-none-eabi/lib/armv7-m/libc_s.a(lib_a-init.o)
                                                  build/startup_stm32f103xb.o
                                                  /Users/deep/Desktop/ARM STM32F103/compiler/bin/../lib/gcc/arm-none-eabi/4.8.3/../../../../arm-none-eabi/lib/armv7-m/crt0.o
__preinit_array_end                               /Users/deep/Desktop/ARM STM32F103/compiler/bin/../lib/gcc/arm-none-eabi/4.8.3/../../../../arm-none-eabi/lib/armv7-m/libc_s.a(lib_a-init.o)
__preinit_array_start                             /Users/deep/Desktop/ARM STM32F103/compiler/bin/../lib/gcc/arm-none-eabi/4.8.3/../../../../arm-none-eabi/lib/armv7-m/libc_s.a(lib_a-init.o)
__register_frame_info                             /Users/deep/Desktop/ARM STM32F103/compiler/bin/../lib/gcc/arm-none-eabi/4.8.3/armv7-m/crtbegin.o
__sf_fake_stderr                                  /Users/deep/Desktop/ARM STM32F103/compiler/bin/../lib/gcc/arm-none-eabi/4.8.3/../../../../arm-none-eabi/lib/armv7-m/libc_s.a(lib_a-impure.o)
__sf_fake_stdin                                   /Users/deep/Desktop/ARM STM32F103/compiler/bin/../lib/gcc/arm-none-eabi/4.8.3/../../../../arm-none-eabi/lib/armv7-m/libc_s.a(lib_a-impure.o)
__sf_fake_stdout                                  /Users/deep/Desktop/ARM STM32F103/compiler/bin/../lib/gcc/arm-none-eabi/4.8.3/../../../../arm-none-eabi/lib/armv7-m/libc_s.a(lib_a-impure.o)
__stack                                           /Users/deep/Desktop/ARM STM32F103/compiler/bin/../lib/gcc/arm-none-eabi/4.8.3/../../../../arm-none-eabi/lib/armv7-m/crt0.o
_ebss                                             build/startup_stm32f103xb.o
_edata                                            build/startup_stm32f103xb.o
_estack                                           build/startup_stm32f103xb.o
_exit                                             /Users/deep/Desktop/ARM STM32F103/compiler/bin/../lib/gcc/arm-none-eabi/4.8.3/../../../../arm-none-eabi/lib/armv7-m/libnosys.a(_exit.o)
                                                  /Users/deep/Desktop/ARM STM32F103/compiler/bin/../lib/gcc/arm-none-eabi/4.8.3/../../../../arm-none-eabi/lib/armv7-m/libc_s.a(lib_a-exit.o)
_fini                                             /Users/deep/Desktop/ARM STM32F103/compiler/bin/../lib/gcc/arm-none-eabi/4.8.3/armv7-m/crti.o
_global_impure_ptr                                /Users/deep/Desktop/ARM STM32F103/compiler/bin/../lib/gcc/arm-none-eabi/4.8.3/../../../../arm-none-eabi/lib/armv7-m/libc_s.a(lib_a-impure.o)
                                                  /Users/deep/Desktop/ARM STM32F103/compiler/bin/../lib/gcc/arm-none-eabi/4.8.3/../../../../arm-none-eabi/lib/armv7-m/libc_s.a(lib_a-exit.o)
_impure_ptr                                       /Users/deep/Desktop/ARM STM32F103/compiler/bin/../lib/gcc/arm-none-eabi/4.8.3/../../../../arm-none-eabi/lib/armv7-m/libc_s.a(lib_a-impure.o)
_init                                             /Users/deep/Desktop/ARM STM32F103/compiler/bin/../lib/gcc/arm-none-eabi/4.8.3/armv7-m/crti.o
                                                  /Users/deep/Desktop/ARM STM32F103/compiler/bin/../lib/gcc/arm-none-eabi/4.8.3/../../../../arm-none-eabi/lib/armv7-m/libc_s.a(lib_a-init.o)
_mainCRTStartup                                   /Users/deep/Desktop/ARM STM32F103/compiler/bin/../lib/gcc/arm-none-eabi/4.8.3/../../../../arm-none-eabi/lib/armv7-m/crt0.o
_sbss                                             build/startup_stm32f103xb.o
_sdata                                            build/startup_stm32f103xb.o
_sidata                                           build/startup_stm32f103xb.o
_start                                            /Users/deep/Desktop/ARM STM32F103/compiler/bin/../lib/gcc/arm-none-eabi/4.8.3/../../../../arm-none-eabi/lib/armv7-m/crt0.o
atexit                                            /Users/deep/Desktop/ARM STM32F103/compiler/bin/../lib/gcc/arm-none-eabi/4.8.3/../../../../arm-none-eabi/lib/armv7-m/crt0.o
clockConfig                                       build/main.o
exit                                              /Users/deep/Desktop/ARM STM32F103/compiler/bin/../lib/gcc/arm-none-eabi/4.8.3/../../../../arm-none-eabi/lib/armv7-m/libc_s.a(lib_a-exit.o)
                                                  /Users/deep/Desktop/ARM STM32F103/compiler/bin/../lib/gcc/arm-none-eabi/4.8.3/../../../../arm-none-eabi/lib/armv7-m/crt0.o
g_pfnVectors                                      build/startup_stm32f103xb.o
hardware_init_hook                                /Users/deep/Desktop/ARM STM32F103/compiler/bin/../lib/gcc/arm-none-eabi/4.8.3/../../../../arm-none-eabi/lib/armv7-m/crt0.o
main                                              build/main.o
                                                  build/startup_stm32f103xb.o
                                                  /Users/deep/Desktop/ARM STM32F103/compiler/bin/../lib/gcc/arm-none-eabi/4.8.3/../../../../arm-none-eabi/lib/armv7-m/crt0.o
memset                                            /Users/deep/Desktop/ARM STM32F103/compiler/bin/../lib/gcc/arm-none-eabi/4.8.3/../../../../arm-none-eabi/lib/armv7-m/libc_s.a(lib_a-memset.o)
                                                  /Users/deep/Desktop/ARM STM32F103/compiler/bin/../lib/gcc/arm-none-eabi/4.8.3/../../../../arm-none-eabi/lib/armv7-m/crt0.o
software_init_hook                                /Users/deep/Desktop/ARM STM32F103/compiler/bin/../lib/gcc/arm-none-eabi/4.8.3/../../../../arm-none-eabi/lib/armv7-m/crt0.o
someDelay                                         build/main.o
